Flow report for PWM_SoC
Mon May 11 17:12:24 2026
Quartus Prime Version 23.1std.1 Build 993 05/14/2024 SC Standard Edition


---------------------
; Table of Contents ;
---------------------
  1. Legal Notice
  2. Flow Summary
  3. Flow Settings
  4. Flow Non-Default Global Settings
  5. Flow Elapsed Time
  6. Flow OS Summary
  7. Flow Log
  8. Flow Messages
  9. Flow Suppressed Messages



----------------
; Legal Notice ;
----------------
Copyright (C) 2024  Intel Corporation. All rights reserved.
Your use of Intel Corporation's design tools, logic functions 
and other software and tools, and any partner logic 
functions, and any output files from any of the foregoing 
(including device programming or simulation files), and any 
associated documentation or information are expressly subject 
to the terms and conditions of the Intel Program License 
Subscription Agreement, the Intel Quartus Prime License Agreement,
the Intel FPGA IP License Agreement, or other applicable license
agreement, including, without limitation, that your use is for
the sole purpose of programming logic devices manufactured by
Intel and sold by Intel or its authorized distributors.  Please
refer to the applicable agreement for further details, at
https://fpgasoftware.intel.com/eula.



+--------------------------------------------------------------------------------------+
; Flow Summary                                                                         ;
+---------------------------------+----------------------------------------------------+
; Flow Status                     ; Successful - Mon May 11 17:12:24 2026              ;
; Quartus Prime Version           ; 23.1std.1 Build 993 05/14/2024 SC Standard Edition ;
; Revision Name                   ; PWM_SoC                                            ;
; Top-level Entity Name           ; DE10_NANO_SoC                                      ;
; Family                          ; Cyclone V                                          ;
; Device                          ; 5CSEBA6U23I7                                       ;
; Timing Models                   ; Final                                              ;
; Logic utilization (in ALMs)     ; 348 / 41,910 ( < 1 % )                             ;
; Total registers                 ; 727                                                ;
; Total pins                      ; 144 / 314 ( 46 % )                                 ;
; Total virtual pins              ; 0                                                  ;
; Total block memory bits         ; 0 / 5,662,720 ( 0 % )                              ;
; Total DSP Blocks                ; 1 / 112 ( < 1 % )                                  ;
; Total HSSI RX PCSs              ; 0                                                  ;
; Total HSSI PMA RX Deserializers ; 0                                                  ;
; Total HSSI TX PCSs              ; 0                                                  ;
; Total HSSI PMA TX Serializers   ; 0                                                  ;
; Total PLLs                      ; 0 / 6 ( 0 % )                                      ;
; Total DLLs                      ; 1 / 4 ( 25 % )                                     ;
+---------------------------------+----------------------------------------------------+


+-----------------------------------------+
; Flow Settings                           ;
+-------------------+---------------------+
; Option            ; Setting             ;
+-------------------+---------------------+
; Start date & time ; 05/11/2026 17:05:11 ;
; Main task         ; Compilation         ;
; Revision Name     ; PWM_SoC             ;
+-------------------+---------------------+


+-------------------------------------------------------------------------------------------------------------------------------------------------------------------------------------------------------+
; Flow Non-Default Global Settings                                                                                                                                                                      ;
+---------------------------------------+--------------------------------------------------------------------------+---------------+--------------------------------+-----------------------------------+
; Assignment Name                       ; Value                                                                    ; Default Value ; Entity Name                    ; Section Id                        ;
+---------------------------------------+--------------------------------------------------------------------------+---------------+--------------------------------+-----------------------------------+
; COMPILER_SIGNATURE_ID                 ; 193677928461771.177851191100239                                          ; --            ; --                             ; --                                ;
; ECO_REGENERATE_REPORT                 ; On                                                                       ; Off           ; --                             ; --                                ;
; EDA_GENERATE_FUNCTIONAL_NETLIST       ; Off                                                                      ; --            ; --                             ; eda_board_design_timing           ;
; EDA_GENERATE_FUNCTIONAL_NETLIST       ; Off                                                                      ; --            ; --                             ; eda_board_design_boundary_scan    ;
; EDA_GENERATE_FUNCTIONAL_NETLIST       ; Off                                                                      ; --            ; --                             ; eda_board_design_signal_integrity ;
; EDA_GENERATE_FUNCTIONAL_NETLIST       ; Off                                                                      ; --            ; --                             ; eda_board_design_symbol           ;
; EDA_OUTPUT_DATA_FORMAT                ; Verilog Hdl                                                              ; --            ; --                             ; eda_simulation                    ;
; EDA_SIMULATION_TOOL                   ; Questa Intel FPGA (Verilog)                                              ; <None>        ; --                             ; --                                ;
; EDA_TIME_SCALE                        ; 1 ps                                                                     ; --            ; --                             ; eda_simulation                    ;
; HPS_ISW_FILE                          ; soc_system/synthesis/submodules/sequencer/sequencer_defines.pre.h        ; --            ; soc_system_hps_0_hps_io_border ; --                                ;
; HPS_ISW_FILE                          ; soc_system/synthesis/submodules/sequencer/sequencer_auto_ac_init.pre.c   ; --            ; soc_system_hps_0_hps_io_border ; --                                ;
; HPS_ISW_FILE                          ; soc_system/synthesis/submodules/sequencer/sdram_io.pre.h                 ; --            ; soc_system_hps_0_hps_io_border ; --                                ;
; HPS_ISW_FILE                          ; soc_system/synthesis/submodules/sequencer/tclrpt.pre.h                   ; --            ; soc_system_hps_0_hps_io_border ; --                                ;
; HPS_ISW_FILE                          ; soc_system/synthesis/submodules/sequencer/alt_types.pre.h                ; --            ; soc_system_hps_0_hps_io_border ; --                                ;
; HPS_ISW_FILE                          ; soc_system/synthesis/submodules/sequencer/sequencer_auto_inst_init.pre.c ; --            ; soc_system_hps_0_hps_io_border ; --                                ;
; HPS_ISW_FILE                          ; soc_system/synthesis/submodules/sequencer/emif.pre.xml                   ; --            ; soc_system_hps_0_hps_io_border ; --                                ;
; HPS_ISW_FILE                          ; soc_system/synthesis/submodules/sequencer/sequencer.pre.h                ; --            ; soc_system_hps_0_hps_io_border ; --                                ;
; HPS_ISW_FILE                          ; soc_system/synthesis/submodules/sequencer/sequencer_auto.pre.h           ; --            ; soc_system_hps_0_hps_io_border ; --                                ;
; HPS_ISW_FILE                          ; soc_system/synthesis/submodules/sequencer/system.pre.h                   ; --            ; soc_system_hps_0_hps_io_border ; --                                ;
; HPS_ISW_FILE                          ; soc_system/synthesis/submodules/sequencer/sequencer.pre.c                ; --            ; soc_system_hps_0_hps_io_border ; --                                ;
; HPS_ISW_FILE                          ; soc_system/synthesis/submodules/sequencer/tclrpt.pre.c                   ; --            ; soc_system_hps_0_hps_io_border ; --                                ;
; HPS_ISW_FILE                          ; soc_system/synthesis/submodules/hps.pre.xml                              ; --            ; soc_system_hps_0_hps_io_border ; --                                ;
; HPS_PARTITION                         ; On                                                                       ; --            ; soc_system_hps_0_hps_io_border ; --                                ;
; MAX_CORE_JUNCTION_TEMP                ; 100                                                                      ; --            ; --                             ; --                                ;
; MIN_CORE_JUNCTION_TEMP                ; -40                                                                      ; --            ; --                             ; --                                ;
; MISC_FILE                             ; soc_system/synthesis/../soc_system.cmp                                   ; --            ; --                             ; --                                ;
; MISC_FILE                             ; soc_system/synthesis/soc_system_hps_0_hps.svd                            ; --            ; --                             ; --                                ;
; MISC_FILE                             ; soc_system/synthesis/../../soc_system.qsys                               ; --            ; --                             ; --                                ;
; MISC_FILE                             ; soc_system/synthesis/submodules/sequencer/sequencer_defines.pre.h        ; --            ; --                             ; --                                ;
; MISC_FILE                             ; soc_system/synthesis/submodules/sequencer/sequencer_auto_ac_init.pre.c   ; --            ; --                             ; --                                ;
; MISC_FILE                             ; soc_system/synthesis/submodules/sequencer/sdram_io.pre.h                 ; --            ; --                             ; --                                ;
; MISC_FILE                             ; soc_system/synthesis/submodules/sequencer/tclrpt.pre.h                   ; --            ; --                             ; --                                ;
; MISC_FILE                             ; soc_system/synthesis/submodules/sequencer/alt_types.pre.h                ; --            ; --                             ; --                                ;
; MISC_FILE                             ; soc_system/synthesis/submodules/sequencer/sequencer_auto_inst_init.pre.c ; --            ; --                             ; --                                ;
; MISC_FILE                             ; soc_system/synthesis/submodules/sequencer/emif.pre.xml                   ; --            ; --                             ; --                                ;
; MISC_FILE                             ; soc_system/synthesis/submodules/sequencer/sequencer.pre.h                ; --            ; --                             ; --                                ;
; MISC_FILE                             ; soc_system/synthesis/submodules/sequencer/sequencer_auto.pre.h           ; --            ; --                             ; --                                ;
; MISC_FILE                             ; soc_system/synthesis/submodules/sequencer/system.pre.h                   ; --            ; --                             ; --                                ;
; MISC_FILE                             ; soc_system/synthesis/submodules/sequencer/sequencer.pre.c                ; --            ; --                             ; --                                ;
; MISC_FILE                             ; soc_system/synthesis/submodules/sequencer/tclrpt.pre.c                   ; --            ; --                             ; --                                ;
; MISC_FILE                             ; soc_system/synthesis/submodules/hps.pre.xml                              ; --            ; --                             ; --                                ;
; PARTITION_COLOR                       ; -- (Not supported for targeted family)                                   ; --            ; DE10_NANO_SoC                  ; Top                               ;
; PARTITION_FITTER_PRESERVATION_LEVEL   ; -- (Not supported for targeted family)                                   ; --            ; DE10_NANO_SoC                  ; Top                               ;
; PARTITION_NETLIST_TYPE                ; -- (Not supported for targeted family)                                   ; --            ; DE10_NANO_SoC                  ; Top                               ;
; POWER_BOARD_THERMAL_MODEL             ; None (CONSERVATIVE)                                                      ; --            ; --                             ; --                                ;
; POWER_PRESET_COOLING_SOLUTION         ; 23 MM HEAT SINK WITH 200 LFPM AIRFLOW                                    ; --            ; --                             ; --                                ;
; PROJECT_OUTPUT_DIRECTORY              ; output_files                                                             ; --            ; --                             ; --                                ;
; SLD_FILE                              ; soc_system/synthesis/soc_system.regmap                                   ; --            ; --                             ; --                                ;
; SLD_FILE                              ; soc_system/synthesis/soc_system.debuginfo                                ; --            ; --                             ; --                                ;
; SLD_INFO                              ; QSYS_NAME soc_system HAS_SOPCINFO 1 GENERATION_ID 1778511302             ; --            ; soc_system                     ; --                                ;
; SOPCINFO_FILE                         ; soc_system/synthesis/../../soc_system.sopcinfo                           ; --            ; --                             ; --                                ;
; SYNTHESIS_ONLY_QIP                    ; On                                                                       ; --            ; --                             ; --                                ;
; TOP_LEVEL_ENTITY                      ; DE10_NANO_SoC                                                            ; PWM_SoC       ; --                             ; --                                ;
; USE_DLL_FREQUENCY_FOR_DQS_DELAY_CHAIN ; On                                                                       ; Off           ; --                             ; --                                ;
+---------------------------------------+--------------------------------------------------------------------------+---------------+--------------------------------+-----------------------------------+


+--------------------------------------------------------------------------------------------------------------------------+
; Flow Elapsed Time                                                                                                        ;
+----------------------+--------------+-------------------------+---------------------+------------------------------------+
; Module Name          ; Elapsed Time ; Average Processors Used ; Peak Virtual Memory ; Total CPU Time (on all processors) ;
+----------------------+--------------+-------------------------+---------------------+------------------------------------+
; Analysis & Synthesis ; 00:00:42     ; 1.0                     ; 767 MB              ; 00:00:53                           ;
; Fitter               ; 00:01:25     ; 1.2                     ; 3536 MB             ; 00:04:08                           ;
; Assembler            ; 00:00:12     ; 1.0                     ; 615 MB              ; 00:00:11                           ;
; Timing Analyzer      ; 00:00:38     ; 1.3                     ; 1746 MB             ; 00:00:41                           ;
; EDA Netlist Writer   ; 00:00:05     ; 1.0                     ; 784 MB              ; 00:00:04                           ;
; Total                ; 00:03:02     ; --                      ; --                  ; 00:05:57                           ;
+----------------------+--------------+-------------------------+---------------------+------------------------------------+


+-----------------------------------------------------------------------------------------+
; Flow OS Summary                                                                         ;
+----------------------+---------------------+-------------+-------------+----------------+
; Module Name          ; Machine Hostname    ; OS Name     ; OS Version  ; Processor type ;
+----------------------+---------------------+-------------+-------------+----------------+
; Analysis & Synthesis ; xoc2.ewi.utwente.nl ; Rocky Linux ; Rocky Linux ; x86_64         ;
; Fitter               ; xoc2.ewi.utwente.nl ; Rocky Linux ; Rocky Linux ; x86_64         ;
; Assembler            ; xoc2.ewi.utwente.nl ; Rocky Linux ; Rocky Linux ; x86_64         ;
; Timing Analyzer      ; xoc2.ewi.utwente.nl ; Rocky Linux ; Rocky Linux ; x86_64         ;
; EDA Netlist Writer   ; xoc2.ewi.utwente.nl ; Rocky Linux ; Rocky Linux ; x86_64         ;
+----------------------+---------------------+-------------+-------------+----------------+


------------
; Flow Log ;
------------
quartus_map --read_settings_files=on --write_settings_files=off PWM_SoC -c PWM_SoC
quartus_fit --read_settings_files=off --write_settings_files=off PWM_SoC -c PWM_SoC
quartus_asm --read_settings_files=off --write_settings_files=off PWM_SoC -c PWM_SoC
quartus_sta PWM_SoC -c PWM_SoC
quartus_eda --read_settings_files=off --write_settings_files=off PWM_SoC -c PWM_SoC



