Info: Starting: Create block symbol file (.bsf)
Info: qsys-generate /home/s3672387/Desktop/Assignments/embedded-vision-tracker/assignment_09/project/soc_system.qsys --block-symbol-file --output-directory=/home/s3672387/Desktop/Assignments/embedded-vision-tracker/assignment_09/project/soc_system --family="Cyclone V" --part=5CSEBA6U23I7
Progress: Loading project/soc_system.qsys
Progress: Reading input file
Progress: Adding clk_0 [clock_source 23.1]
Progress: Parameterizing module clk_0
Progress: Adding esl_bus_demo_0 [esl_bus_demo 1.0]
Progress: Parameterizing module esl_bus_demo_0
Progress: Adding hps_0 [altera_hps 23.1]
Progress: Parameterizing module hps_0
Progress: Building connections
Progress: Parameterizing connections
Progress: Validating
Progress: Done reading input file
Info: soc_system.hps_0: HPS Main PLL counter settings: n = 0  m = 63
Info: soc_system.hps_0: HPS peripherial PLL counter settings: n = 0  m = 39
Warning: soc_system.hps_0: set_interface_assignment: Interface "hps_io" does not exist
Info: qsys-generate succeeded.
Info: Finished: Create block symbol file (.bsf)
Info: 
Info: Starting: Create HDL design files for synthesis
Info: qsys-generate /home/s3672387/Desktop/Assignments/embedded-vision-tracker/assignment_09/project/soc_system.qsys --synthesis=VERILOG --output-directory=/home/s3672387/Desktop/Assignments/embedded-vision-tracker/assignment_09/project/soc_system/synthesis --family="Cyclone V" --part=5CSEBA6U23I7
Progress: Loading project/soc_system.qsys
Progress: Reading input file
Progress: Adding clk_0 [clock_source 23.1]
Progress: Parameterizing module clk_0
Progress: Adding esl_bus_demo_0 [esl_bus_demo 1.0]
Progress: Parameterizing module esl_bus_demo_0
Progress: Adding hps_0 [altera_hps 23.1]
Progress: Parameterizing module hps_0
Progress: Building connections
Progress: Parameterizing connections
Progress: Validating
Progress: Done reading input file
Info: soc_system.hps_0: HPS Main PLL counter settings: n = 0  m = 63
Info: soc_system.hps_0: HPS peripherial PLL counter settings: n = 0  m = 39
Warning: soc_system.hps_0: set_interface_assignment: Interface "hps_io" does not exist
Info: soc_system: Generating soc_system "soc_system" for QUARTUS_SYNTH
Info: Interconnect is inserted between master hps_0.h2f_lw_axi_master and slave esl_bus_demo_0.s0 because the master is of type axi and the slave is of type avalon.
Error: Can't continue processing -- expected file /home/s3672387/Desktop/Assignments/embedded-vision-tracker/assignment_09/project/ip/ESL_bus_demo/esl_bus_demo.v is missing
Warning: Quartus Prime Generate HDL Interface was unsuccessful. 1 error, 0 warnings
Error:     Peak virtual memory: 675 megabytes
Error:     Processing ended: Mon May 11 16:18:57 2026
Error:     Elapsed time: 00:00:01
Error:     Total CPU time (on all processors): 00:00:01
Error: esl_bus_demo_0: File /home/s3672387/Desktop/Assignments/embedded-vision-tracker/assignment_09/project/ip/ESL_bus_demo/esl_bus_demo.v written by generation callback did not contain a module called esl_bus_demo
Error: esl_bus_demo_0: /home/s3672387/Desktop/Assignments/embedded-vision-tracker/assignment_09/project/ip/ESL_bus_demo/esl_bus_demo.v (No such file or directory)
Info: esl_bus_demo_0: "soc_system" instantiated esl_bus_demo "esl_bus_demo_0"
Error: Generation stopped, 4 or more modules remaining
Info: soc_system: Done "soc_system" with 5 modules, 4 files
Error: qsys-generate failed with exit code 1: 8 Errors, 2 Warnings
Info: Finished: Create HDL design files for synthesis
